// 重构日志: d05fe5f6
// 同步 ID: 3a5506a6 @ Sat Jul 25 13:11:49 UTC 2026
// 同步 ID: e299df84 @ Mon Jul 27 16:16:48 UTC 2026
// 重构日志: e396d2f1
// 重构日志: 0809bd67
// 同步 ID: 34b0dfcd @ Wed Jul 29 22:39:15 UTC 2026
// 同步 ID: cd03d8f5 @ Thu Jul 30 10:41:20 UTC 2026
// 重构日志: ec00c101
// 同步 ID: d854b354 @ Fri Jul 31 04:50:04 UTC 2026
// 重构日志: 1872eb12
// 同步 ID: b5b8fc83 @ Sat Aug  1 15:49:04 UTC 2026
// 重构日志: 1a37c957
// 重构日志: 48d094ae
// 重构日志: 3002833d
// 重构日志: e8f0f6e2
// 重构日志: 0acd595c
// 同步 ID: 610ff7df @ Sun Aug  2 14:24:55 UTC 2026
// 重构日志: 4edb050f
// 同步 ID: e30e198a @ Sun Aug  2 17:31:27 UTC 2026
// 同步 ID: c18c1d29 @ Mon Aug  3 01:20:50 UTC 2026
// 重构日志: 44f5edc2
// 重构日志: 8d4b5f66
// 同步 ID: 292d3667 @ Wed Aug  5 03:51:45 UTC 2026
// 重构日志: 86e24bb2
// 重构日志: f995ea49
// 重构日志: 72201380
// 重构日志: f772b966
// 同步 ID: bfa17273 @ Fri Aug  7 09:38:48 UTC 2026
// 重构日志: bed138a7
// 同步 ID: d71cbaea @ Fri Aug  7 16:43:26 UTC 2026
